holding ['/Users/josenunez/Projects/ml/snake-dqn-artifacts/pqn-followup-20260909/cpu-slot-3.lock']
🖥️  Using CPU (forced)
{"ok": true, "frames": 300, "deaths": 2, "max_len": 898}
{"env_frames": 35328, "agent_steps": 211874, "seconds": 6.0, "env_frames_per_s": 5888.0, "agent_steps_per_s": 35312.2, "mean_len_end": 8.5, "engine": "live", "envs": 4, "scenario": "fresh", "round": 0}
{"env_frames": 38762, "agent_steps": 232571, "seconds": 6.0, "env_frames_per_s": 6460.2, "agent_steps_per_s": 38760.8, "mean_len_end": 3.2, "engine": "batch", "envs": 1, "scenario": "fresh", "round": 0}
{"env_frames": 106496, "agent_steps": 638769, "seconds": 6.003, "env_frames_per_s": 17740.3, "agent_steps_per_s": 106407.6, "mean_len_end": 2.3, "feat_raster31v2_agents_per_s": 17695.6, "feat_raster31v2_us_per_agent": 56.51, "engine": "batch", "envs": 64, "scenario": "fresh", "round": 0}
{"env_frames": 21708, "agent_steps": 130247, "seconds": 6.0, "env_frames_per_s": 3618.0, "agent_steps_per_s": 21707.6, "mean_len_end": 3.2, "engine": "grid", "envs": 1, "scenario": "fresh", "round": 0}
{"env_frames": 311232, "agent_steps": 1866801, "seconds": 6.0, "env_frames_per_s": 51869.0, "agent_steps_per_s": 311115.4, "mean_len_end": 4.0, "feat_ego_agents_per_s": 10194.5, "feat_ego_us_per_agent": 98.09, "feat_ego_noreach_agents_per_s": 15077.5, "feat_ego_noreach_us_per_agent": 66.32, "engine": "grid", "envs": 64, "scenario": "fresh", "round": 0}
{"env_frames": 430336, "agent_steps": 2581169, "seconds": 6.0, "env_frames_per_s": 71718.8, "agent_steps_per_s": 430171.6, "mean_len_end": 2.3, "engine": "grid", "envs": 256, "scenario": "fresh", "round": 0}
{"env_frames": 3476, "agent_steps": 20838, "seconds": 6.001, "env_frames_per_s": 579.2, "agent_steps_per_s": 3472.4, "mean_len_end": 163.1, "engine": "live", "envs": 4, "scenario": "big", "round": 0}
{"env_frames": 7437, "agent_steps": 44607, "seconds": 6.0, "env_frames_per_s": 1239.5, "agent_steps_per_s": 7434.3, "mean_len_end": 46.3, "engine": "batch", "envs": 1, "scenario": "big", "round": 0}
{"env_frames": 704, "agent_steps": 4174, "seconds": 6.01, "env_frames_per_s": 117.1, "agent_steps_per_s": 694.5, "mean_len_end": 358.9, "feat_raster31v2_agents_per_s": 2672.1, "feat_raster31v2_us_per_agent": 374.23, "engine": "batch", "envs": 64, "scenario": "big", "round": 0}
{"env_frames": 22316, "agent_steps": 133850, "seconds": 6.0, "env_frames_per_s": 3719.3, "agent_steps_per_s": 22307.9, "mean_len_end": 59.2, "engine": "grid", "envs": 1, "scenario": "big", "round": 0}
{"env_frames": 277056, "agent_steps": 1661602, "seconds": 6.0, "env_frames_per_s": 46173.0, "agent_steps_per_s": 276915.8, "mean_len_end": 71.8, "feat_ego_agents_per_s": 10054.2, "feat_ego_us_per_agent": 99.46, "feat_ego_noreach_agents_per_s": 14777.6, "feat_ego_noreach_us_per_agent": 67.67, "engine": "grid", "envs": 64, "scenario": "big", "round": 0}
{"env_frames": 344576, "agent_steps": 2066058, "seconds": 6.003, "env_frames_per_s": 57404.2, "agent_steps_per_s": 344192.2, "mean_len_end": 153.2, "engine": "grid", "envs": 256, "scenario": "big", "round": 0}
{"env_frames": 39340, "agent_steps": 235935, "seconds": 6.001, "env_frames_per_s": 6556.1, "agent_steps_per_s": 39319.0, "mean_len_end": 10.2, "engine": "live", "envs": 4, "scenario": "fresh", "round": 1}
{"env_frames": 40572, "agent_steps": 243431, "seconds": 6.0, "env_frames_per_s": 6762.0, "agent_steps_per_s": 40571.7, "mean_len_end": 3.3, "engine": "batch", "envs": 1, "scenario": "fresh", "round": 1}
{"env_frames": 112192, "agent_steps": 672929, "seconds": 6.0, "env_frames_per_s": 18698.2, "agent_steps_per_s": 112152.0, "mean_len_end": 2.3, "engine": "batch", "envs": 64, "scenario": "fresh", "round": 1}
{"env_frames": 22442, "agent_steps": 134651, "seconds": 6.0, "env_frames_per_s": 3740.2, "agent_steps_per_s": 22441.3, "mean_len_end": 3.2, "engine": "grid", "envs": 1, "scenario": "fresh", "round": 1}
{"env_frames": 318144, "agent_steps": 1908256, "seconds": 6.0, "env_frames_per_s": 53023.4, "agent_steps_per_s": 318038.9, "mean_len_end": 4.0, "engine": "grid", "envs": 64, "scenario": "fresh", "round": 1}
{"env_frames": 411904, "agent_steps": 2470615, "seconds": 6.002, "env_frames_per_s": 68632.5, "agent_steps_per_s": 411660.0, "mean_len_end": 2.3, "engine": "grid", "envs": 256, "scenario": "fresh", "round": 1}
{"env_frames": 3072, "agent_steps": 18415, "seconds": 6.002, "env_frames_per_s": 511.8, "agent_steps_per_s": 3068.2, "mean_len_end": 169.7, "engine": "live", "envs": 4, "scenario": "big", "round": 1}
{"env_frames": 6850, "agent_steps": 41085, "seconds": 6.0, "env_frames_per_s": 1141.7, "agent_steps_per_s": 6847.5, "mean_len_end": 46.2, "engine": "batch", "envs": 1, "scenario": "big", "round": 1}
{"env_frames": 768, "agent_steps": 4555, "seconds": 6.042, "env_frames_per_s": 127.1, "agent_steps_per_s": 753.8, "mean_len_end": 356.1, "engine": "batch", "envs": 64, "scenario": "big", "round": 1}
{"env_frames": 22309, "agent_steps": 133808, "seconds": 6.0, "env_frames_per_s": 3718.1, "agent_steps_per_s": 22300.9, "mean_len_end": 59.2, "engine": "grid", "envs": 1, "scenario": "big", "round": 1}
{"env_frames": 303040, "agent_steps": 1817447, "seconds": 6.0, "env_frames_per_s": 50506.2, "agent_steps_per_s": 302904.8, "mean_len_end": 63.1, "engine": "grid", "envs": 64, "scenario": "big", "round": 1}
{"env_frames": 288256, "agent_steps": 1728264, "seconds": 6.006, "env_frames_per_s": 47993.8, "agent_steps_per_s": 287751.2, "mean_len_end": 164.0, "engine": "grid", "envs": 256, "scenario": "big", "round": 1}
